
> react-app@0.0.0 build
> tsc -b && vite build

src/pages/BookAppointment.tsx(7,47): error TS6133: 'Activity' is declared but its value is never read.
src/pages/BookAppointment.tsx(7,62): error TS6133: 'CreditCard' is declared but its value is never read.
src/pages/BookAppointment.tsx(7,87): error TS6133: 'Search' is declared but its value is never read.
src/pages/BookAppointment.tsx(7,95): error TS6133: 'AlertTriangle' is declared but its value is never read.
src/pages/BookAppointment.tsx(7,120): error TS6133: 'Building' is declared but its value is never read.
src/pages/BookAppointment.tsx(7,170): error TS6133: 'Phone' is declared but its value is never read.
src/pages/BookAppointment.tsx(7,177): error TS6133: 'Award' is declared but its value is never read.
src/pages/BookAppointment.tsx(7,184): error TS6133: 'Mail' is declared but its value is never read.
src/pages/BookAppointment.tsx(7,190): error TS6133: 'PhoneCall' is declared but its value is never read.
src/pages/BookAppointment.tsx(10,1): error TS6133: 'translations' is declared but its value is never read.
src/pages/Consultation.tsx(5,25): error TS2307: Cannot find module '../hooks/useAuth' or its corresponding type declarations.
src/pages/DoctorDashboard.tsx(5,1): error TS6133: 'translations' is declared but its value is never read.
src/pages/Home.tsx(1,18): error TS6133: 'AnimatePresence' is declared but its value is never read.
